---
source: influxdb_influxql_parser/src/visit.rs
expression: "visit_statement!(\"SHOW MEASUREMENTS\")"
snapshot_kind: text
---
- pre_visit_statement
- pre_visit_show_measurements_statement
- post_visit_show_measurements_statement
- post_visit_statement
