---
source: influxdb_influxql_parser/src/visit.rs
expression: "visit_statement!(\"SHOW DATABASES\")"
snapshot_kind: text
---
- pre_visit_statement
- pre_visit_show_databases_statement
- post_visit_show_databases_statement
- post_visit_statement
